[11:04:06] [ServerMain/INFO]: [bootstrap] Running Java 23 (Java HotSpot(TM) 64-Bit Server VM 23.0.2+7-58; Oracle Corporation null) on Windows 10 10.0 (amd64)
[11:04:06] [ServerMain/INFO]: [bootstrap] Loading Paper 1.21.8-60-main@29c8822 (2025-09-06T21:49:13Z) for Minecraft 1.21.8
[11:04:06] [ServerMain/INFO]: [PluginInitializerManager] Initializing plugins...
[11:04:06] [Paper Plugin Remapper Thread - 2/INFO]: [PluginRemapper] Remapping plugin 'plugins\moba-0.1.0.jar'...
[11:04:07] [Paper Plugin Remapper Thread - 2/INFO]: [PluginRemapper] Done remapping plugin 'plugins\moba-0.1.0.jar' in 524ms.
[11:04:07] [ServerMain/INFO]: [PluginInitializerManager] Initialized 1 plugin
[11:04:07] [ServerMain/INFO]: [PluginInitializerManager] Bukkit plugins (1):
 - Moba (0.1.0)
[11:04:12] [ServerMain/INFO]: Environment: Environment[sessionHost=https://sessionserver.mojang.com, servicesHost=https://api.minecraftservices.com, name=PROD]
[11:04:13] [ServerMain/INFO]: Loaded 1407 recipes
[11:04:13] [ServerMain/INFO]: Loaded 1520 advancements
[11:04:13] [ServerMain/INFO]: [ca.spottedleaf.dataconverter.minecraft.datatypes.MCTypeRegistry] Initialising converters for DataConverter...
[11:04:13] [ServerMain/INFO]: [ca.spottedleaf.dataconverter.minecraft.datatypes.MCTypeRegistry] Finished initialising converters for DataConverter in 275.4ms
[11:04:14] [Server thread/INFO]: Starting minecraft server version 1.21.8
[11:04:14] [Server thread/INFO]: Loading properties
[11:04:14] [Server thread/INFO]: This server is running Paper version 1.21.8-60-main@29c8822 (2025-09-06T21:49:13Z) (Implementing API version 1.21.8-R0.1-SNAPSHOT)
[11:04:14] [Server thread/INFO]: [spark] This server bundles the spark profiler. For more information please visit https://docs.papermc.io/paper/profiling
[11:04:14] [Server thread/INFO]: Server Ping Player Sample Count: 12
[11:04:14] [Server thread/INFO]: Using 4 threads for Netty based IO
[11:04:15] [Server thread/INFO]: [MoonriseCommon] Paper is using 4 worker threads, 1 I/O threads
[11:04:15] [Server thread/INFO]: [ChunkTaskScheduler] Chunk system is using population gen parallelism: true
[11:04:15] [Server thread/INFO]: Default game type: SURVIVAL
[11:04:15] [Server thread/INFO]: Generating keypair
[11:04:15] [Server thread/INFO]: Starting Minecraft server on *:25565
[11:04:15] [Server thread/INFO]: Using default channel type
[11:04:15] [Server thread/INFO]: Paper: Using Java compression from Velocity.
[11:04:15] [Server thread/INFO]: Paper: Using Java cipher from Velocity.
[11:04:15] [Server thread/INFO]: [Moba] Loading server plugin Moba v0.1.0
[11:04:15] [Server thread/INFO]: Server permissions file permissions.yml is empty, ignoring it
[11:04:15] [Server thread/INFO]: Preparing level "world"
[11:04:15] [Server thread/INFO]: Preparing start region for dimension minecraft:overworld
[11:04:16] [Server thread/INFO]: Preparing spawn area: 0%
[11:04:16] [Server thread/INFO]: Preparing spawn area: 0%
[11:04:16] [Server thread/INFO]: Time elapsed: 904 ms
[11:04:16] [Server thread/INFO]: Preparing start region for dimension minecraft:the_nether
[11:04:16] [Server thread/INFO]: Preparing spawn area: 0%
[11:04:16] [Server thread/INFO]: Time elapsed: 70 ms
[11:04:16] [Server thread/INFO]: Preparing start region for dimension minecraft:the_end
[11:04:16] [Server thread/INFO]: Preparing spawn area: 0%
[11:04:17] [Server thread/INFO]: Time elapsed: 79 ms
[11:04:17] [Server thread/INFO]: [Moba] Enabling Moba v0.1.0
[11:04:17] [Server thread/INFO]: [Moba] [MOBA] Lanes chargées: [top, bot, mid]
[11:04:17] [Server thread/INFO]: [Moba] Abilities init OK.
[11:04:17] [Server thread/INFO]: [Moba] Moba enabled!
[11:04:17] [Server thread/INFO]: [spark] Starting background profiler...
[11:04:17] [Server thread/INFO]: [spark] The async-profiler engine is not supported for your os/arch (windows10/amd64), so the built-in Java engine will be used instead.
[11:04:17] [Server thread/INFO]: Done preparing level "world" (1.812s)
[11:04:17] [Server thread/INFO]: Running delayed init tasks
[11:04:17] [Server thread/INFO]: Done (12.239s)! For help, type "help"
[11:04:20] [User Authenticator #0/INFO]: UUID of player KayZy__ is 3691ed98-418e-415e-b20b-56186a8906c4
[11:04:20] [Server thread/INFO]: KayZy__ joined the game
[11:04:21] [Server thread/INFO]: KayZy__[/127.0.0.1:64750] logged in with entity id 93 at ([world]3.699999988079071, 74.0, -26.521248936364948)
[11:04:26] [Server thread/INFO]: KayZy__ issued server command: /classe tank
[11:05:43] [Server thread/INFO]: KayZy__ issued server command: /boutique
[11:05:51] [Server thread/INFO]: KayZy__ issued server command: /classe exit
[11:05:58] [Server thread/INFO]: KayZy__ issued server command: /boutique
[11:06:26] [Server thread/INFO]: KayZy__ lost connection: Disconnected
[11:06:26] [Server thread/INFO]: KayZy__ left the game
[11:06:31] [Server thread/INFO]: Unknown or incomplete command, see below for error
close<--[HERE]
[11:06:35] [Server thread/INFO]: Unknown or incomplete command, see below for error
server close<--[HERE]
[11:06:39] [Server thread/INFO]: Stopping server
[11:06:39] [Server thread/INFO]: [Moba] Disabling Moba v0.1.0
[11:06:39] [Server thread/INFO]: [Moba] Moba disabled!
[11:06:39] [Server thread/INFO]: Saving players
[11:06:39] [Server thread/INFO]: Saving worlds
[11:06:39] [Server thread/INFO]: Saving chunks for level 'ServerLevel[world]'/minecraft:overworld
[11:06:39] [Server thread/INFO]: [ChunkHolderManager] Waiting 60s for chunk system to halt for world 'world'
[11:06:39] [Server thread/INFO]: [ChunkHolderManager] Halted chunk system for world 'world'
[11:06:39] [Server thread/INFO]: [ChunkHolderManager] Saving all chunkholders for world 'world'
[11:06:39] [Server thread/INFO]: [ChunkHolderManager] Saved 771 block chunks, 754 entity chunks, 0 poi chunks in world 'world' in 0.38s
[11:06:39] [Server thread/INFO]: [ChunkHolderManager] Waiting 60s for chunk I/O to halt for world 'world'
[11:06:39] [Server thread/INFO]: [ChunkHolderManager] Halted I/O scheduler for world 'world'
[11:06:39] [Server thread/INFO]: Saving chunks for level 'ServerLevel[world_nether]'/minecraft:the_nether
[11:06:39] [Server thread/INFO]: [ChunkHolderManager] Waiting 60s for chunk system to halt for world 'world_nether'
[11:06:39] [Server thread/INFO]: [ChunkHolderManager] Halted chunk system for world 'world_nether'
[11:06:39] [Server thread/INFO]: [ChunkHolderManager] Saving all chunkholders for world 'world_nether'
[11:06:39] [Server thread/INFO]: [ChunkHolderManager] Saved 49 block chunks, 49 entity chunks, 0 poi chunks in world 'world_nether' in 0.02s
[11:06:39] [Server thread/INFO]: [ChunkHolderManager] Waiting 60s for chunk I/O to halt for world 'world_nether'
[11:06:39] [Server thread/INFO]: [ChunkHolderManager] Halted I/O scheduler for world 'world_nether'
[11:06:39] [Server thread/INFO]: Saving chunks for level 'ServerLevel[world_the_end]'/minecraft:the_end
[11:06:39] [Server thread/INFO]: [ChunkHolderManager] Waiting 60s for chunk system to halt for world 'world_the_end'
[11:06:39] [Server thread/INFO]: [ChunkHolderManager] Halted chunk system for world 'world_the_end'
[11:06:39] [Server thread/INFO]: [ChunkHolderManager] Saving all chunkholders for world 'world_the_end'
[11:06:39] [Server thread/INFO]: [ChunkHolderManager] Saved 49 block chunks, 49 entity chunks, 0 poi chunks in world 'world_the_end' in 0.01s
[11:06:39] [Server thread/INFO]: [ChunkHolderManager] Waiting 60s for chunk I/O to halt for world 'world_the_end'
[11:06:39] [Server thread/INFO]: [ChunkHolderManager] Halted I/O scheduler for world 'world_the_end'
[11:06:39] [Server thread/INFO]: ThreadedAnvilChunkStorage (world): All chunks are saved
[11:06:39] [Server thread/INFO]: ThreadedAnvilChunkStorage (DIM-1): All chunks are saved
[11:06:39] [Server thread/INFO]: ThreadedAnvilChunkStorage (DIM1): All chunks are saved
[11:06:39] [Server thread/INFO]: ThreadedAnvilChunkStorage: All dimensions are saved
[11:06:39] [Server thread/INFO]: Waiting for all RegionFile I/O tasks to complete...
[11:06:39] [Server thread/INFO]: All RegionFile I/O tasks to complete
[11:06:39] [Server thread/INFO]: [MoonriseCommon] Awaiting termination of worker pool for up to 60s...
[11:06:39] [Server thread/INFO]: [MoonriseCommon] Awaiting termination of I/O pool for up to 60s...
